[Map]
author=Steve Wildman
warn=yes
image=Wild World.bmp
wrap=yes
scroll=horizontal

[Continents]
Pies=5
Chips=4
Beer=4
Mash=2
Chagford=2
Stuff=2
Donuts=2
Mexico=2

[Territories]
A,28,35,PIES,B,F,H,BW
B,44,34,PIES,A,C,F
C,73,31,PIES,D,E,F,B
D,138,25,PIES,R,Q,N,E,C
E,111,45,PIES,C,D,N,M,F
F,72,60,PIES,A,B,C,E,M,G
G,62,90,PIES,F,M,I,H
H,24,127,PIES,A,G,I,J
I,62,121,PIES,H,G,L,K,J
J,47,181,PIES,H,I,K,AD,BY
K,85,142,PIES,J,I,L
L,103,113,PIES,K,I,M,O
M,122,81,PIES,L,G,F,E,N,O
N,149,59,PIES,O,M,E,D,Q,P
O,151,103,PIES,L,M,N,P
P,186,113,PIES,O,N,Q,S,Y,AB
Q,184,44,PIES,P,N,D,R,T,S
R,166,15,PIES,D,Q
S,209,69,PIES,P,Q,T,Y,U
T,212,29,PIES,Q,S,U
U,246,29,PIES,S,T,V
V,276,36,PIES,U,W
W,298,29,PIES,V,BI
X,283,88,PIES,Y,BB
Y,246,109,PIES,X,S,P
Z,138,202,STUFF,AC,AA
AA,166,195,STUFF,Z,AB,AC
AB,194,195,STUFF,AA,AC,P,AK
AC,160,233,STUFF,Z,AA,AB
AD,41,254,DONUTS,J,AF,AE
AE,67,259,DONUTS,AD,AF,AG
AF,48,270,DONUTS,AD,AE,AG
AG,90,294,DONUTS,AF,AE,AH
AH,126,303,DONUTS,AG,AI
AI,183,293,CHAGFORD,AH,AJ
AJ,249,266,CHAGFORD,AI,AK,AM,AN
AK,264,242,CHAGFORD,AJ,AL,AM,AB
AL,291,241,CHAGFORD,AK,AM,AO
AM,294,272,CHAGFORD,AJ,AK,AL,AN
AN,277,302,CHAGFORD,AJ,AM
AO,401,223,CHIPS,AP,BA,AQ,AR,AS,AL
AP,410,186,CHIPS,AO,BA
AQ,443,169,CHIPS,AO,BA,BB,BC,AR
AR,453,205,CHIPS,AQ,AO
AS,443,266,CHIPS,AO,AT
AT,483,275,CHIPS,AS,AU
AU,485,313,MEXICO,AT,AV,BQ
AV,447,315,MEXICO,AU,AW
AW,420,314,MEXICO,AY,AX,AV
AX,413,301,MEXICO,AY,AW
AY,385,282,MEXICO,AZ,AX,AW
AZ,390,261,MEXICO,AY
BA,411,142,CHIPS,AP,AO,AQ,BB
BB,415,119,CHIPS,BA,AQ,X
BC,455,99,CHIPS,AQ,BD
BD,476,92,CHIPS,BC,BE
BE,485,50,MASH,BF,BG,BD,BJ
BF,458,33,MASH,BE,BG,ZA
BG,482,21,MASH,BE,BF,ZA,BH
BH,387,24,MASH,BI,ZA,BG
BI,344,22,MASH,W,BH
BJ,544,96,BEER,BM,BE,BK
BK,567,107,BEER,BJ,BM,BL,BS,BR
BL,561,134,BEER,BM,BS,BK,BN
BM,533,129,BEER,BJ,BL,BK,BN
BN,541,159,BEER,BM,BL,BO
BO,563,206,BEER,BN,BP,BQ
BP,541,231,BEER,BO,BQ
BQ,564,262,BEER,BP,BO,AU
BR,604,102,BEER,BK,BS,BU,BT
BS,589,131,BEER,BL,BK,BR,BU
BT,649,113,BEER,BR,BU,BX,BV
BU,634,143,BEER,BS,BR,BT,BX,BY
BV,665,82,BEER,BT,BW
BW,667,42,BEER,BV,A
BX,670,161,BEER,BU,BT,BY,BU
BY,666,196,BEER,BZ,BX,J,BU
BZ,655,225,BEER,CA,BY
CA,631,232,BEER,BZ
ZA,427,30,MASH,BH,BG,BF




