[Map]
author=
image=Texas 2.bmp
wrap=yes
scroll=none
warn=yes

[Continents]
Continent1=3
Continent2=2
Continent3=3
Continent4=7
Continent5=2
Continent6=4
Continent7=5
Continent8=5
Continent9=5
Continent10=4
Continent11=2
Continent12=3
Continent13=8
Continent14=5
Continent15=8
Continent16=8
Continent17=8
Continent18=6
Continent19=8

[Territories]
Territory00,396,63,Continent1,Territory07,Territory01,Territory02
Territory01,395,99,Continent1,Territory02,Territory00,Territory06
Territory02,393,134,Continent1,Territory03,Territory01,Territory05,Territory00
Territory03,390,172,Continent1,Territory04,Territory02,Territory33,Territory32
Territory04,447,175,Continent1,Territory11,Territory03,Territory05,Territory33,Territory34
Territory05,448,139,Continent1,Territory06,Territory10,Territory04,Territory02
Territory06,450,101,Continent1,Territory01,Territory07,Territory09,Territory05
Territory07,450,64,Continent1,Territory00,Territory08,Territory06
Territory08,492,64,Continent1,Territory07,Territory09,Territory22
Territory09,491,101,Continent1,Territory08,Territory10,Territory06,Territory27
Territory10,491,139,Continent1,Territory09,Territory11,Territory05,Territory28
Territory11,493,176,Continent1,Territory10,Territory04,Territory29,Territory34,Territory35
Territory12,217,466,Continent2,Territory13,Territory16,Territory17
Territory13,135,460,Continent2,Territory14,Territory12
Territory14,66,430,Continent2,Territory13
Territory15,297,443,Continent2,Territory16,Territory224,Territory225
Territory16,281,483,Continent2,Territory15,Territory12,Territory17,Territory20,Territory224
Territory17,244,539,Continent2,Territory16,Territory12,Territory18,Territory19,Territory20
Territory18,232,601,Continent2,Territory17,Territory19
Territory19,310,609,Continent2,Territory17,Territory20,Territory18,Territory21
Territory20,358,536,Continent2,Territory16,Territory17,Territory19,Territory21,Territory76,Territory223,Territory224
Territory21,417,588,Continent2,Territory20,Territory19,Territory75,Territory76
Territory22,539,67,Continent3,Territory08,Territory23,Territory27
Territory23,583,67,Continent3,Territory22,Territory24
Territory24,582,106,Continent3,Territory23,Territory25,Territory27
Territory25,583,143,Continent3,Territory24,Territory26,Territory28
Territory26,580,179,Continent3,Territory25,Territory31,Territory29,Territory30
Territory27,540,104,Continent3,Territory28,Territory22,Territory24,Territory09
Territory28,537,143,Continent3,Territory29,Territory27,Territory25,Territory10
Territory29,537,177,Continent3,Territory30,Territory28,Territory26,Territory11,Territory35
Territory30,546,218,Continent3,Territory31,Territory29,Territory35,Territory241,Territory240,Territory26
Territory31,584,216,Continent3,Territory26,Territory30,Territory247,Territory241
Territory32,376,214,Continent4,Territory39,Territory33,Territory38,Territory03
Territory33,416,214,Continent4,Territory32,Territory38,Territory34,Territory04,Territory03
Territory34,460,214,Continent4,Territory33,Territory04,Territory11,Territory35,Territory36,Territory37
Territory35,502,216,Continent4,Territory11,Territory34,Territory36,Territory30,Territory29,Territory240
Territory36,494,254,Continent4,Territory35,Territory37,Territory34,Territory43,Territory240
Territory37,450,255,Continent4,Territory38,Territory36,Territory34,Territory42
Territory38,407,255,Continent4,Territory32,Territory39,Territory41,Territory37,Territory33
Territory39,370,252,Continent4,Territory32,Territory40,Territory38
Territory40,367,294,Continent4,Territory39,Territory41,Territory47
Territory41,409,295,Continent4,Territory38,Territory42,Territory46,Territory40
Territory42,450,295,Continent4,Territory43,Territory45,Territory37,Territory41
Territory43,494,296,Continent4,Territory36,Territory42,Territory44,Territory239
Territory44,494,332,Continent4,Territory43,Territory45,Territory238,Territory235,Territory234
Territory45,449,331,Continent4,Territory44,Territory46,Territory42,Territory234,Territory229
Territory46,407,330,Continent4,Territory45,Territory41,Territory47,Territory229,Territory228
Territory47,365,332,Continent4,Territory40,Territory46,Territory228
Territory48,835,952,Continent5,Territory54,Territory49
Territory49,763,924,Continent5,Territory48,Territory54,Territory55,Territory53,Territory50
Territory50,713,913,Continent5,Territory49,Territory51,Territory52
Territory51,675,869,Continent5,Territory50,Territory52,Territory57
Territory52,718,870,Continent5,Territory50,Territory51,Territory53,Territory58,Territory57
Territory53,762,873,Continent5,Territory49,Territory52,Territory58,Territory55,Territory59,Territory56
Territory54,815,920,Continent5,Territory48,Territory49,Territory55
Territory55,814,877,Continent5,Territory49,Territory56,Territory53,Territory54
Territory56,809,839,Continent5,Territory81,Territory55,Territory59,Territory53
Territory57,666,812,Continent6,Territory52,Territory66,Territory63,Territory58,Territory51
Territory58,730,813,Continent6,Territory52,Territory57,Territory53,Territory59,Territory60,Territory61
Territory59,773,798,Continent6,Territory81,Territory82,Territory58,Territory60,Territory53,Territory56
Territory60,766,758,Continent6,Territory82,Territory85,Territory86,Territory58,Territory59,Territory61,Territory62
Territory61,726,753,Continent6,Territory58,Territory60,Territory62,Territory63
Territory62,728,709,Continent6,Territory86,Territory87,Territory194,Territory60,Territory61,Territory64,Territory70
Territory63,677,754,Continent6,Territory57,Territory61,Territory64,Territory66
Territory64,677,710,Continent6,Territory62,Territory63,Territory65,Territory70
Territory65,625,712,Continent6,Territory64,Territory66,Territory67,Territory69
Territory66,619,748,Continent6,Territory57,Territory63,Territory65,Territory67
Territory67,570,713,Continent6,Territory65,Territory68,Territory66
Territory68,565,669,Continent7,Territory69,Territory75,Territory67,Territory74
Territory69,624,665,Continent7,Territory65,Territory70,Territory71,Territory72,Territory74,Territory68
Territory70,679,666,Continent7,Territory194,Territory62,Territory69,Territory64,Territory71
Territory71,664,632,Continent7,Territory194,Territory195,Territory69,Territory70,Territory72,Territory73
Territory72,615,626,Continent7,Territory69,Territory74,Territory73,Territory71
Territory73,650,603,Continent7,Territory195,Territory200,Territory72,Territory71,Territory79,Territory74
Territory74,569,608,Continent7,Territory69,Territory72,Territory79,Territory75,Territory68,Territory78,Territory73
Territory75,498,612,Continent7,Territory21,Territory76,Territory78,Territory74,Territory68
Territory76,481,545,Continent7,Territory75,Territory78,Territory21,Territory20,Territory222,Territory221,Territory220,Territory77
Territory77,552,535,Continent7,Territory78,Territory76,Territory220,Territory207,Territory80
Territory78,552,565,Continent7,Territory79,Territory75,Territory74,Territory77,Territory76
Territory79,621,566,Continent7,Territory200,Territory201,Territory73,Territory80,Territory78,Territory74
Territory80,615,533,Continent7,Territory201,Territory202,Territory79,Territory77,Territory206
Territory81,820,810,Continent8,Territory83,Territory56,Territory59,Territory82
Territory82,823,783,Continent8,Territory84,Territory83,Territory81,Territory59,Territory60,Territory85
Territory83,869,776,Continent8,Territory94,Territory84,Territory81,Territory82
Territory84,844,757,Continent8,Territory94,Territory91,Territory90,Territory83,Territory82,Territory85
Territory85,801,752,Continent8,Territory90,Territory84,Territory82,Territory60,Territory86
Territory86,788,709,Continent8,Territory89,Territory90,Territory85,Territory88,Territory87,Territory60,Territory62
Territory87,769,680,Continent8,Territory86,Territory62,Territory194,Territory193,Territory88
Territory88,820,658,Continent8,Territory101,Territory92,Territory89,Territory86,Territory87,Territory192,Territory193
Territory89,837,687,Continent8,Territory92,Territory91,Territory88,Territory86,Territory90
Territory90,830,724,Continent8,Territory91,Territory89,Territory86,Territory85,Territory84
Territory91,871,711,Continent8,Territory94,Territory93,Territory92,Territory84,Territory90,Territory89
Territory92,872,662,Continent8,Territory99,Territory100,Territory101,Territory93,Territory88,Territory89,Territory91
Territory93,903,696,Continent8,Territory95,Territory99,Territory94,Territory92,Territory91
Territory94,902,739,Continent8,Territory95,Territory83,Territory84,Territory91,Territory93
Territory95,957,708,Continent9,Territory96,Territory94,Territory93,Territory99
Territory96,1006,677,Continent9,Territory112,Territory97,Territory98,Territory95
Territory97,1050,659,Continent9,Territory118,Territory112,Territory96
Territory98,974,646,Continent9,Territory112,Territory96,Territory99,Territory110,Territory111
Territory99,933,671,Continent9,Territory95,Territory98,Territory110,Territory93,Territory100,Territory92
Territory100,906,639,Continent9,Territory110,Territory99,Territory101,Territory92
Territory101,869,621,Continent9,Territory109,Territory110,Territory100,Territory92,Territory88,Territory191,Territory102
Territory102,865,578,Continent9,Territory109,Territory101,Territory191,Territory190,Territory105,Territory103
Territory103,865,537,Continent9,Territory102,Territory105,Territory104,Territory190,Territory187,Territory188
Territory104,904,518,Continent9,Territory156,Territory158,Territory106,Territory105,Territory188,Territory103
Territory105,894,565,Continent9,Territory106,Territory109,Territory102,Territory104,Territory103
Territory106,920,542,Continent9,Territory108,Territory107,Territory104,Territory105,Territory109
Territory107,956,522,Continent9,Territory114,Territory159,Territory158,Territory108,Territory106
Territory108,949,556,Continent9,Territory113,Territory114,Territory111,Territory107,Territory109,Territory106
Territory109,917,590,Continent9,Territory111,Territory108,Territory106,Territory110,Territory101,Territory102,Territory105
Territory110,924,611,Continent9,Territory98,Territory111,Territory109,Territory101,Territory100,Territory99
Territory111,953,609,Continent9,Territory112,Territory113,Territory98,Territory110,Territory109,Territory108
Territory112,1001,616,Continent10,Territory117,Territory113,Territory118,Territory97,Territory96,Territory98,Territory111
Territory113,994,576,Continent10,Territory117,Territory116,Territory114,Territory108,Territory112,Territory111
Territory114,985,536,Continent10,Territory116,Territory115,Territory113,Territory108,Territory107,Territory159
Territory115,1023,510,Continent10,Territory122,Territory116,Territory128,Territory114,Territory159
Territory116,1022,554,Continent10,Territory117,Territory122,Territory114,Territory115,Territory113
Territory117,1053,589,Continent10,Territory121,Territory119,Territory118,Territory112,Territory113,Territory116,Territory122
Territory118,1067,625,Continent10,Territory117,Territory112,Territory119,Territory97
Territory119,1113,609,Continent10,Territory120,Territory117,Territory118
Territory120,1135,588,Continent10,Territory125,Territory119,Territory121,Territory124
Territory121,1091,572,Continent10,Territory120,Territory124,Territory117,Territory122,Territory123
Territory122,1047,532,Continent10,Territory117,Territory121,Territory123,Territory128,Territory115,Territory116
Territory123,1088,534,Continent10,Territory124,Territory121,Territory128,Territory122
Territory124,1118,522,Continent10,Territory125,Territory120,Territory126,Territory127,Territory128,Territory123,Territory121
Territory125,1146,515,Continent10,Territory126,Territory124,Territory120
Territory126,1131,485,Continent11,Territory125,Territory124,Territory130,Territory127
Territory127,1103,476,Continent11,Territory124,Territory126,Territory128,Territory129,Territory130
Territory128,1063,491,Continent11,Territory124,Territory123,Territory122,Territory115,Territory127,Territory129,Territory160,Territory159
Territory129,1063,460,Continent11,Territory127,Territory128,Territory130,Territory132,Territory160
Territory130,1104,443,Continent11,Territory126,Territory127,Territory129,Territory132,Territory131
Territory131,1088,415,Continent11,Territory130,Territory133,Territory132
Territory132,1051,421,Continent11,Territory129,Territory130,Territory133,Territory160,Territory151,Territory134,Territory131
Territory133,1088,380,Continent11,Territory132,Territory131,Territory135,Territory143,Territory134
Territory134,1041,387,Continent11,Territory132,Territory143,Territory151,Territory133
Territory135,1073,358,Continent12,Territory133,Territory143,Territory136
Territory136,1075,333,Continent12,Territory135,Territory138,Territory137
Territory137,1067,300,Continent12,Territory136,Territory140,Territory138
Territory138,1046,328,Continent12,Territory136,Territory142,Territory139,Territory137
Territory139,1025,325,Continent12,Territory138,Territory140,Territory141,Territory142
Territory140,1016,286,Continent12,Territory137,Territory139,Territory141,Territory149
Territory141,1004,328,Continent12,Territory140,Territory145,Territory139,Territory144
Territory142,1026,345,Continent12,Territory143,Territory138,Territory139,Territory144
Territory143,1024,365,Continent12,Territory133,Territory134,Territory135,Territory142,Territory144,Territory151
Territory144,990,361,Continent12,Territory143,Territory141,Territory142,Territory145,Territory146,Territory151,Territory152
Territory145,974,334,Continent12,Territory148,Territory141,Territory144,Territory146
Territory146,959,355,Continent12,Territory144,Territory145,Territory147,Territory152
Territory147,930,332,Continent12,Territory148,Territory150,Territory146,Territory152,Territory153,Territory164,Territory165
Territory148,962,309,Continent12,Territory149,Territory145,Territory147
Territory149,967,285,Continent12,Territory140,Territory148,Territory150
Territory150,924,297,Continent12,Territory149,Territory147,Territory165,Territory166
Territory151,1006,399,Continent13,Territory132,Territory134,Territory144,Territory143,Territory152,Territory162,Territory160
Territory152,955,383,Continent13,Territory144,Territory146,Territory147,Territory151,Territory162,Territory153
Territory153,916,383,Continent13,Territory147,Territory162,Territory164,Territory163,Territory154,Territory152
Territory154,873,403,Continent13,Territory155,Territory153,Territory163,Territory174,Territory176,Territory177
Territory155,902,432,Continent13,Territory162,Territory157,Territory154,Territory177,Territory156
Territory156,896,472,Continent13,Territory157,Territory155,Territory177,Territory189,Territory188,Territory104,Territory158
Territory157,934,457,Continent13,Territory161,Territory155,Territory156,Territory158
Territory158,948,493,Continent13,Territory159,Territory157,Territory107,Territory104,Territory156
Territory159,994,489,Continent13,Territory115,Territory114,Territory128,Territory160,Territory107,Territory158,Territory161
Territory160,1014,446,Continent13,Territory128,Territory129,Territory132,Territory151,Territory162,Territory161,Territory159
Territory161,975,452,Continent13,Territory160,Territory159,Territory157,Territory162
Territory162,952,414,Continent13,Territory151,Territory160,Territory161,Territory152,Territory153,Territory155
Territory163,875,366,Continent14,Territory153,Territory154,Territory164,Territory165,Territory175,Territory174
Territory164,903,356,Continent14,Territory147,Territory153,Territory163,Territory165
Territory165,888,329,Continent14,Territory150,Territory147,Territory163,Territory164,Territory166,Territory175
Territory166,876,293,Continent14,Territory150,Territory165,Territory167,Territory175
Territory167,833,295,Continent14,Territory166,Territory175,Territory172,Territory168
Territory168,792,294,Continent14,Territory172,Territory167,Territory169,Territory170
Territory169,751,286,Continent14,Territory168,Territory170,Territory252,Territory253
Territory170,762,328,Continent14,Territory173,Territory172,Territory168,Territory171,Territory169,Territory252,Territory251
Territory171,746,368,Continent14,Territory178,Territory180,Territory173,Territory170,Territory214,Territory213,Territory251
Territory172,795,329,Continent14,Territory175,Territory174,Territory173,Territory167,Territory168,Territory170
Territory173,788,367,Continent14,Territory176,Territory178,Territory174,Territory170,Territory171,Territory172
Territory174,826,365,Continent14,Territory154,Territory176,Territory163,Territory175,Territory172,Territory173
Territory175,843,331,Continent14,Territory163,Territory165,Territory166,Territory174,Territory172,Territory167
Territory176,825,402,Continent15,Territory154,Territory177,Territory185,Territory179,Territory174,Territory173,Territory178
Territory177,840,431,Continent15,Territory154,Territory155,Territory156,Territory189,Territory176,Territory185
Territory178,783,400,Continent15,Territory179,Territory176,Territory173,Territory171,Territory180
Territory179,788,417,Continent15,Territory185,Territory180,Territory178,Territory176
Territory180,753,414,Continent15,Territory185,Territory184,Territory179,Territory178,Territory171,Territory214,Territory181
Territory181,720,441,Continent15,Territory184,Territory180,Territory182,Territory219,Territory214
Territory182,725,479,Continent15,Territory203,Territory183,Territory184,Territory181,Territory219
Territory183,751,507,Continent15,Territory205,Territory203,Territory186,Territory184,Territory182
Territory184,758,462,Continent15,Territory183,Territory185,Territory186,Territory182,Territory181,Territory180
Territory185,802,442,Continent15,Territory189,Territory177,Territory176,Territory179,Territory180,Territory184,Territory186
Territory186,788,485,Continent15,Territory187,Territory183,Territory189,Territory185,Territory184
Territory187,819,519,Continent15,Territory103,Territory190,Territory205,Territory188,Territory189,Territory186
Territory188,861,499,Continent15,Territory156,Territory104,Territory103,Territory187,Territory189
Territory189,843,472,Continent15,Territory156,Territory187,Territory188,Territory186,Territory185,Territory177
Territory190,806,549,Continent16,Territory102,Territory103,Territory191,Territory198,Territory187,Territory205
Territory191,835,598,Continent16,Territory101,Territory102,Territory192,Territory198,Territory190
Territory192,809,623,Continent16,Territory88,Territory191,Territory198,Territory197,Territory193
Territory193,779,645,Continent16,Territory87,Territory88,Territory192,Territory197,Territory196,Territory194
Territory194,729,662,Continent16,Territory87,Territory193,Territory62,Territory70,Territory71,Territory195,Territory196
Territory195,713,617,Continent16,Territory194,Territory196,Territory199,Territory71,Territory73,Territory200
Territory196,752,625,Continent16,Territory193,Territory194,Territory195,Territory197,Territory199
Territory197,772,604,Continent16,Territory192,Territory193,Territory196,Territory199,Territory198
Territory198,789,583,Continent16,Territory191,Territory192,Territory197,Territory199,Territory205,Territory190
Territory199,744,588,Continent16,Territory196,Territory197,Territory198,Territory205,Territory204,Territory200,Territory195
Territory200,690,584,Continent16,Territory199,Territory195,Territory73,Territory79,Territory204,Territory201
Territory201,666,546,Continent16,Territory200,Territory204,Territory79,Territory80,Territory202,Territory203
Territory202,661,508,Continent16,Territory201,Territory203,Territory219,Territory218,Territory206,Territory80
Territory203,704,509,Continent16,Territory204,Territory201,Territory205,Territory183,Territory182,Territory219,Territory202
Territory204,712,547,Continent16,Territory199,Territory200,Territory205,Territory203,Territory201
Territory205,755,538,Continent16,Territory198,Territory190,Territory199,Territory204,Territory187,Territory183,Territory203
Territory206,614,497,Continent17,Territory202,Territory80,Territory218,Territory217,Territory207
Territory207,564,491,Continent17,Territory77,Territory206,Territory220,Territory237,Territory208,Territory217
Territory208,558,448,Continent17,Territory207,Territory217,Territory237,Territory236,Territory209
Territory209,566,408,Continent17,Territory217,Territory216,Territory208,Territory236,Territory210
Territory210,566,373,Continent17,Territory211,Territory209,Territory235,Territory238,Territory243
Territory211,612,374,Continent17,Territory212,Territory216,Territory210,Territory243,Territory244
Territory212,657,373,Continent17,Territory213,Territory250,Territory215,Territory244,Territory211
Territory213,702,375,Continent17,Territory171,Territory214,Territory212,Territory250,Territory251
Territory214,696,408,Continent17,Territory180,Territory181,Territory171,Territory219,Territory215,Territory213
Territory215,648,409,Continent17,Territory214,Territory219,Territory218,Territory216,Territory212
Territory216,610,411,Continent17,Territory218,Territory217,Territory215,Territory209,Territory211
Territory217,603,451,Continent17,Territory218,Territory206,Territory207,Territory208,Territory209,Territory216
Territory218,648,457,Continent17,Territory202,Territory219,Territory206,Territory217,Territory216,Territory215
Territory219,687,455,Continent17,Territory203,Territory202,Territory181,Territory214,Territory218,Territory215,Territory182
Territory220,515,498,Continent19,Territory76,Territory77,Territory207,Territory237,Territory221
Territory221,467,492,Continent19,Territory76,Territory237,Territory220,Territory232,Territory222
Territory222,422,491,Continent19,Territory76,Territory221,Territory231,Territory223,Territory226
Territory223,380,481,Continent19,Territory222,Territory20,Territory224,Territory226
Territory224,337,474,Continent19,Territory223,Territory226,Territory20,Territory16,Territory15,Territory225
Territory225,337,445,Continent19,Territory226,Territory224,Territory15,Territory227
Territory226,382,443,Continent19,Territory231,Territory223,Territory224,Territory225,Territory227,Territory222
Territory227,373,406,Continent19,Territory230,Territory231,Territory226,Territory225,Territory228
Territory228,378,372,Continent19,Territory227,Territory229,Territory47,Territory230,Territory46
Territory229,437,369,Continent19,Territory234,Territory230,Territory228,Territory46,Territory45
Territory230,432,408,Continent19,Territory232,Territory231,Territory233,Territory229,Territory227,Territory228
Territory231,427,443,Continent19,Territory232,Territory230,Territory222,Territory226,Territory227
Territory232,469,446,Continent19,Territory237,Territory221,Territory231,Territory230,Territory233
Territory233,476,408,Continent19,Territory234,Territory236,Territory237,Territory232,Territory230
Territory234,479,371,Continent19,Territory235,Territory44,Territory233,Territory45,Territory229
Territory235,524,375,Continent19,Territory210,Territory238,Territory236,Territory234,Territory44
Territory236,518,408,Continent19,Territory208,Territory209,Territory235,Territory233,Territory237
Territory237,510,453,Continent19,Territory207,Territory208,Territory236,Territory233,Territory232,Territory221,Territory220
Territory238,535,334,Continent18,Territory210,Territory243,Territory239,Territory44,Territory235
Territory239,537,299,Continent18,Territory242,Territory240,Territory43,Territory238
Territory240,538,260,Continent18,Territory241,Territory30,Territory35,Territory36,Territory239
Territory241,577,258,Continent18,Territory242,Territory246,Territory247,Territory31,Territory30,Territory240
Territory242,579,297,Continent18,Territory245,Territory243,Territory239,Territory241,Territory246
Territory243,582,332,Continent18,Territory211,Territory244,Territory210,Territory242,Territory238
Territory244,627,333,Continent18,Territory250,Territory212,Territory211,Territory245,Territory243
Territory245,623,297,Continent18,Territory249,Territory244,Territory246,Territory242
Territory246,622,266,Continent18,Territory248,Territory245,Territory242,Territory247,Territory241
Territory247,623,241,Continent18,Territory248,Territory246,Territory241,Territory31
Territory248,664,262,Continent18,Territory253,Territory249,Territory246,Territory247
Territory249,669,297,Continent18,Territory252,Territory248,Territory250,Territory245
Territory250,667,332,Continent18,Territory213,Territory251,Territory249,Territory212,Territory244
Territory251,709,333,Continent18,Territory170,Territory171,Territory213,Territory250,Territory252
Territory252,709,296,Continent18,Territory170,Territory169,Territory251,Territory249,Territory253
Territory253,711,264,Continent18,Territory169,Territory252,Territory248

