[Map]
author=Rob Werhand
image=TopoMap.bmp
wrap=yes
scroll=none
warn=yes

[Continents]
West Central Valley=6
Northwest Mountain=3
Southwest Mountain=2
Northwest Plain=2
Southwest Plain=4
Northwest Shore=4
Southwest Shore=4
Main Bridge=3
Northeast Shore=3
Southeast Shore=4
East Central Ledge=3
East Central Valley=5
Northeast Mountain=2
North Mountain Face=3
South Mountain Face=5
Northeast Valley=5
Southeast Plain=5
Northeast Rise=2

[Territories]
Territory00,116,135,West Central Valley,Territory01
Territory01,116,256,West Central Valley,Territory00,Territory13,Territory14,Territory02
Territory02,155,336,West Central Valley,Territory01,Territory14,Territory22,Territory03
Territory03,224,383,West Central Valley,Territory02,Territory04,Territory21,Territory22,Territory26,Territory06,Territory07
Territory04,246,474,West Central Valley,Territory03,Territory21,Territory20,Territory32,Territory05,Territory06
Territory05,333,506,West Central Valley,Territory04,Territory33,Territory38,Territory60,Territory06
Territory06,325,413,West Central Valley,Territory04,Territory03,Territory05,Territory60,Territory59,Territory07
Territory07,328,364,West Central Valley,Territory06,Territory03,Territory59,Territory26
Territory08,228,126,Northwest Mountain,Territory10,Territory09
Territory09,178,141,Northwest Mountain,Territory08,Territory10,Territory11
Territory10,252,165,Northwest Mountain,Territory08,Territory09,Territory12
Territory11,171,214,Northwest Mountain,Territory09,Territory12,Territory14,Territory13
Territory12,210,218,Northwest Mountain,Territory10,Territory11,Territory15,Territory14
Territory13,152,215,Northwest Mountain,Territory01,Territory11,Territory14
Territory14,169,268,Northwest Mountain,Territory01,Territory02,Territory12,Territory13,Territory11,Territory15,Territory22
Territory15,227,234,Northwest Mountain,Territory12,Territory14,Territory22
Territory16,116,422,Southwest Mountain,Territory17,Territory18
Territory17,125,504,Southwest Mountain,Territory16,Territory18,Territory20,Territory19
Territory18,161,435,Southwest Mountain,Territory16,Territory17,Territory21,Territory20
Territory19,120,584,Southwest Mountain,Territory17,Territory31,Territory20
Territory20,176,508,Southwest Mountain,Territory04,Territory18,Territory17,Territory19,Territory32,Territory21
Territory21,192,429,Southwest Mountain,Territory03,Territory04,Territory18,Territory20
Territory22,233,270,Northwest Plain,Territory02,Territory03,Territory15,Territory14,Territory26,Territory25,Territory23
Territory23,285,202,Northwest Plain,Territory22,Territory25,Territory24
Territory24,356,136,Northwest Plain,Territory23,Territory25,Territory29,Territory30
Territory25,310,242,Northwest Plain,Territory22,Territory23,Territory26,Territory28,Territory29,Territory24
Territory26,294,319,Northwest Plain,Territory03,Territory07,Territory22,Territory27,Territory28,Territory25
Territory27,392,302,Northwest Plain,Territory26,Territory28,Territory42,Territory41
Territory28,377,259,Northwest Plain,Territory26,Territory25,Territory27,Territory41,Territory40,Territory29
Territory29,375,194,Northwest Plain,Territory25,Territory24,Territory28,Territory40,Territory39,Territory30
Territory30,394,125,Northwest Plain,Territory24,Territory29,Territory39
Territory31,130,668,Southwest Plain,Territory19,Territory35,Territory34,Territory32
Territory32,211,562,Southwest Plain,Territory04,Territory20,Territory31,Territory34,Territory33
Territory33,280,594,Southwest Plain,Territory05,Territory32,Territory34,Territory37,Territory38
Territory34,226,654,Southwest Plain,Territory31,Territory32,Territory35,Territory37,Territory33
Territory35,193,716,Southwest Plain,Territory31,Territory36,Territory34
Territory36,286,717,Southwest Plain,Territory35,Territory37,Territory49,Territory48
Territory37,309,662,Southwest Plain,Territory34,Territory33,Territory38,Territory50,Territory49,Territory36
Territory38,368,608,Southwest Plain,Territory05,Territory33,Territory52,Territory51,Territory50,Territory37
Territory39,423,133,Northwest Shore,Territory29,Territory30,Territory40,Territory46,Territory47
Territory40,424,207,Northwest Shore,Territory28,Territory29,Territory41,Territory46,Territory39
Territory41,439,253,Northwest Shore,Territory27,Territory28,Territory42,Territory45,Territory40
Territory42,446,290,Northwest Shore,Territory27,Territory44,Territory45,Territory41
Territory43,489,353,Northwest Shore,Territory53,Territory44
Territory44,480,308,Northwest Shore,Territory42,Territory43,Territory45
Territory45,477,240,Northwest Shore,Territory42,Territory41,Territory44,Territory46
Territory46,469,168,Northwest Shore,Territory40,Territory39,Territory45,Territory66,Territory47
Territory47,477,115,Northwest Shore,Territory39,Territory46
Territory48,367,726,Southwest Shore,Territory36,Territory58,Territory49
Territory49,363,694,Southwest Shore,Territory37,Territory36,Territory57,Territory58,Territory48,Territory50
Territory50,391,664,Southwest Shore,Territory38,Territory37,Territory56,Territory57,Territory49,Territory51
Territory51,429,623,Southwest Shore,Territory38,Territory55,Territory56,Territory50,Territory52
Territory52,422,583,Southwest Shore,Territory38,Territory55,Territory51
Territory53,488,458,Southwest Shore,Territory43,Territory54
Territory54,453,520,Southwest Shore,Territory53,Territory55
Territory55,456,577,Southwest Shore,Territory54,Territory52,Territory51,Territory56
Territory56,471,627,Southwest Shore,Territory55,Territory51,Territory50,Territory57
Territory57,461,677,Southwest Shore,Territory56,Territory78,Territory58,Territory50,Territory49
Territory58,444,726,Southwest Shore,Territory57,Territory49,Territory48
Territory59,410,382,Main Bridge,Territory06,Territory07,Territory60,Territory61
Territory60,409,436,Main Bridge,Territory05,Territory06,Territory61,Territory59
Territory61,521,406,Main Bridge,Territory60,Territory59,Territory62
Territory62,575,406,Main Bridge,Territory61,Territory63,Territory64
Territory63,649,392,Main Bridge,Territory62,Territory64,Territory91,Territory101
Territory64,647,415,Main Bridge,Territory62,Territory63,Territory92,Territory91
Territory65,572,113,Northeast Shore,Territory66,Territory70
Territory66,588,166,Northeast Shore,Territory46,Territory67,Territory72,Territory71,Territory70,Territory65
Territory67,580,235,Northeast Shore,Territory68,Territory73,Territory72,Territory66
Territory68,582,311,Northeast Shore,Territory69,Territory74,Territory67
Territory69,591,358,Northeast Shore,Territory82,Territory68
Territory70,623,130,Northeast Shore,Territory66,Territory65,Territory71
Territory71,643,189,Northeast Shore,Territory66,Territory70,Territory75,Territory72
Territory72,630,222,Northeast Shore,Territory67,Territory66,Territory71,Territory75,Territory76,Territory73
Territory73,614,251,Northeast Shore,Territory67,Territory72,Territory76,Territory74
Territory74,607,289,Northeast Shore,Territory68,Territory73,Territory76
Territory75,682,253,Northeast Shore,Territory71,Territory72,Territory76,Territory99,Territory98,Territory100
Territory76,639,290,Northeast Shore,Territory72,Territory73,Territory74,Territory101,Territory100,Territory75
Territory77,601,727,Southeast Shore,Territory78,Territory83
Territory78,595,684,Southeast Shore,Territory57,Territory77,Territory84,Territory85,Territory79
Territory79,568,625,Southeast Shore,Territory78,Territory85,Territory86,Territory80
Territory80,553,568,Southeast Shore,Territory79,Territory86,Territory81
Territory81,572,507,Southeast Shore,Territory80,Territory86,Territory82
Territory82,599,456,Southeast Shore,Territory81,Territory69
Territory83,658,723,Southeast Shore,Territory77,Territory84,Territory90
Territory84,652,666,Southeast Shore,Territory78,Territory85,Territory89,Territory90,Territory83
Territory85,614,617,Southeast Shore,Territory78,Territory79,Territory86,Territory84,Territory89,Territory88
Territory86,592,567,Southeast Shore,Territory79,Territory80,Territory81,Territory85,Territory87,Territory88
Territory87,617,555,Southeast Shore,Territory86,Territory88,Territory92,Territory93
Territory88,633,585,Southeast Shore,Territory86,Territory85,Territory89,Territory93,Territory87
Territory89,661,618,Southeast Shore,Territory85,Territory84,Territory90,Territory94,Territory93,Territory88
Territory90,699,688,Southeast Shore,Territory84,Territory83,Territory89
Territory91,683,386,East Central Ledge,Territory64,Territory63,Territory92,Territory101,Territory95,Territory96
Territory92,654,510,East Central Ledge,Territory64,Territory87,Territory93,Territory97,Territory96,Territory91
Territory93,668,562,East Central Ledge,Territory89,Territory88,Territory87,Territory94,Territory97,Territory92
Territory94,687,590,East Central Ledge,Territory89,Territory93,Territory97
Territory95,721,407,East Central Ledge,Territory91,Territory96,Territory102
Territory97,712,557,East Central Ledge,Territory94,Territory93,Territory92,Territory96
Territory98,716,266,East Central Valley,Territory75,Territory99,Territory104
Territory99,709,293,East Central Valley,Territory75,Territory100,Territory103,Territory104,Territory98
Territory100,689,317,East Central Valley,Territory76,Territory75,Territory101,Territory102,Territory103,Territory99
Territory101,683,352,East Central Valley,Territory63,Territory91,Territory76,Territory102,Territory100
Territory102,728,362,East Central Valley,Territory95,Territory101,Territory100,Territory103
Territory103,746,312,East Central Valley,Territory100,Territory99,Territory102,Territory107,Territory106,Territory104
Territory104,744,256,East Central Valley,Territory99,Territory98,Territory103,Territory106,Territory105,Territory114
Territory105,790,250,East Central Valley,Territory104,Territory106,Territory117,Territory116,Territory114
Territory106,797,285,East Central Valley,Territory103,Territory104,Territory107,Territory117,Territory105
Territory107,804,316,East Central Valley,Territory103,Territory118,Territory106,Territory123,Territory124
Territory108,740,182,Northeast Mountain,Territory109,Territory110
Territory109,721,143,Northeast Mountain,Territory108,Territory110,Territory111,Territory112
Territory110,757,146,Northeast Mountain,Territory108,Territory109,Territory113,Territory112
Territory111,686,124,Northeast Mountain,Territory109,Territory112
Territory112,726,108,Northeast Mountain,Territory110,Territory109,Territory111,Territory113
Territory113,781,129,Northeast Mountain,Territory110,Territory112,Territory115,Territory114
Territory114,785,205,Northeast Mountain,Territory104,Territory105,Territory113,Territory115,Territory116
Territory96,713,472,East Central Ledge,Territory92,Territory91,Territory97,Territory95
Territory115,824,130,Northeast Valley,Territory113,Territory114,Territory116
Territory116,829,215,Northeast Valley,Territory105,Territory114,Territory115,Territory117
Territory117,852,275,Northeast Valley,Territory106,Territory105,Territory116,Territory120,Territory118
Territory118,879,320,Northeast Valley,Territory107,Territory117,Territory121,Territory119
Territory119,900,373,Northeast Valley,Territory118,Territory122,Territory157
Territory120,883,267,Northeast Valley,Territory117,Territory121,Territory170,Territory170
Territory122,932,341,Northeast Valley,Territory121,Territory119,Territory159,Territory171
Territory121,912,306,Northeast Valley,Territory122,Territory118,Territory120,Territory170,Territory171
Territory123,791,352,North Mountain Face,Territory107,Territory124,Territory125,Territory126
Territory124,832,348,North Mountain Face,Territory107,Territory123,Territory126,Territory127
Territory125,779,386,North Mountain Face,Territory123,Territory126,Territory128
Territory126,813,379,North Mountain Face,Territory123,Territory124,Territory125,Territory127,Territory128,Territory129
Territory127,844,377,North Mountain Face,Territory124,Territory126,Territory129
Territory128,790,409,North Mountain Face,Territory125,Territory126,Territory129,Territory130
Territory129,833,402,North Mountain Face,Territory126,Territory127,Territory128,Territory130
Territory130,812,429,North Mountain Face,Territory128,Territory129,Territory131,Territory133,Territory134
Territory131,801,465,North Mountain Face,Territory130,Territory132
Territory132,797,499,South Mountain Face,Territory131,Territory133,Territory134
Territory133,779,541,South Mountain Face,Territory130,Territory132,Territory134,Territory135
Territory134,801,536,South Mountain Face,Territory130,Territory132,Territory133,Territory136,Territory137
Territory135,776,604,South Mountain Face,Territory133,Territory136,Territory138
Territory136,810,576,South Mountain Face,Territory134,Territory135,Territory137,Territory139,Territory140
Territory137,830,503,South Mountain Face,Territory134,Territory136,Territory140,Territory141
Territory138,777,645,South Mountain Face,Territory135,Territory139,Territory142,Territory143
Territory139,818,616,South Mountain Face,Territory136,Territory138,Territory140,Territory143,Territory144
Territory140,836,549,South Mountain Face,Territory136,Territory137,Territory139,Territory141,Territory144,Territory145
Territory141,848,505,South Mountain Face,Territory137,Territory140,Territory145
Territory142,767,678,South Mountain Face,Territory138,Territory143,Territory147
Territory143,815,671,South Mountain Face,Territory138,Territory139,Territory142,Territory144,Territory147,Territory148
Territory144,856,601,South Mountain Face,Territory139,Territory140,Territory143,Territory145,Territory149,Territory150
Territory145,867,524,South Mountain Face,Territory140,Territory141,Territory144,Territory146,Territory151,Territory152
Territory146,876,463,South Mountain Face,Territory145,Territory152
Territory147,786,722,Southeast Plain,Territory142,Territory143,Territory148
Territory148,873,701,Southeast Plain,Territory143,Territory147,Territory149,Territory153
Territory149,895,639,Southeast Plain,Territory144,Territory148,Territory150,Territory154
Territory150,903,592,Southeast Plain,Territory144,Territory149,Territory151,Territory154
Territory151,902,548,Southeast Plain,Territory145,Territory150,Territory152,Territory155,Territory156
Territory152,899,489,Southeast Plain,Territory145,Territory146,Territory151,Territory156,Territory157
Territory153,957,707,Southeast Plain,Territory148,Territory154
Territory154,957,634,Southeast Plain,Territory149,Territory150,Territory153,Territory155
Territory155,947,559,Southeast Plain,Territory151,Territory154,Territory156,Territory158
Territory156,929,497,Southeast Plain,Territory151,Territory152,Territory155,Territory157,Territory158,Territory159
Territory157,915,435,Southeast Plain,Territory119,Territory152,Territory156,Territory159
Territory158,967,467,Southeast Plain,Territory155,Territory156,Territory159,Territory172
Territory159,943,386,Southeast Plain,Territory122,Territory156,Territory157,Territory158,Territory172
Territory160,904,109,Northeast Rise,Territory161,Territory163
Territory161,931,119,Northeast Rise,Territory160,Territory162,Territory164
Territory162,962,111,Northeast Rise,Territory161,Territory165
Territory163,897,144,Northeast Rise,Territory160,Territory164,Territory166
Territory164,928,161,Northeast Rise,Territory161,Territory163,Territory165,Territory166,Territory167
Territory165,969,158,Northeast Rise,Territory162,Territory164,Territory167
Territory166,899,189,Northeast Rise,Territory163,Territory164,Territory167,Territory168
Territory167,952,199,Northeast Rise,Territory164,Territory165,Territory166,Territory169
Territory168,893,222,Northeast Rise,Territory166,Territory169,Territory170
Territory169,950,241,Northeast Rise,Territory167,Territory168,Territory170,Territory171
Territory170,900,257,Northeast Rise,Territory120,Territory121,Territory168,Territory169,Territory171
Territory171,957,291,Northeast Rise,Territory121,Territory122,Territory169,Territory170,Territory172
Territory172,973,336,Northeast Rise,Territory158,Territory159,Territory171
