[Map]
author=Márcio Lima
warn=yes
image=Porto Alegre.bmp
wrap=no
scroll=horizontal

[Continents]
Gualdo=3
Centrão=3
Seehand=2
Little Waterfall=4
Old Brothers=4
Ipifrog=2
Good Field=4

[Territories]
Guaíba,107,281,Gualdo,Eldorado,El Gold,Porto Alegre,Restinga
Eldorado,130,218,Gualdo,Guaíba,El Gold,Silver of South,Porto Alegre,Ilha da Pintada,Triunfo
El Gold,70,250,Gualdo,Guaíba,Eldorado,Silver of South
Silver of South,82,200,Gualdo,Eldorado,El Gold,Triunfo

Restinga,206,270,Centrão,Guaíba,Porto Alegre,Renascer,Vila João,Bela Vista,Guarujá
Porto Alegre,185,226,Centrão,Eldorado,Guaíba,Ilha da Pintada,Restinga,Guarujá
Guarujá,208,198,Centrão,Triunfo,Canoas,Cachoeirinha,Alvorada,Renascer,Restinga,Porto Alegre,Ilha da Pintada
Ilha da Pintada,169,192,Centrão,Porto Alegre,Eldorado,Triunfo,Guarujá

Triunfo,83,151,Little Waterfall,Silver of South,Eldorado,Guarujá,Canoas,Ilha da Pintada
Canoas,158,137,Little Waterfall,Triunfo,Guarujá,Cachoeirinha,Esteio,Sapucaia do Sul,Portão
Cachoeirinha,222,170,Little Waterfall,Canoas,Esteio,Guarujá,Alvorada,Gravataí
Esteio,189,144,Little Waterfall,Canoas,Cachoeirinha,Sapucaia do Sul
São Leopoldo,208,112,Little Waterfall,Sapucaia do Sul,Terra de Ninguém,Novo Hamburgo,Estancia Velha,Portão
Portão,170,92,Little Waterfall,Canoas,São Leopoldo,Estancia Velha,Ivoti
Sapucaia do Sul,210,134,Little Waterfall,Esteio,Canoas,São Leopoldo,Terra de Ninguém,Gravataí

Estancia Velha,194,66,Old Brothers,Portão,São Leopoldo,Novo Hamburgo,Ivoti
Ivoti,197,33,Old Brothers,Portão,Estancia Velha,Novo Hamburgo,Dois Irmãos
Novo Hamburgo,216,84,Old Brothers,Estancia Velha,São Leopoldo,Terra de Ninguém,Campo Bom,Dois Irmãos,Ivoti
Dois Irmãos,227,42,Old Brothers,Ivoti,Novo Hamburgo,Campo Bom,Sapiranga
Campo Bom,238,77,Old Brothers,Novo Hamburgo,Terra de Ninguém,Dois Irmãos,Sapiranga

Sapiranga,264,64,Ipifrog,Dois Irmãos,Campo Bom,Terra de Ninguém,Nova Hartz,Parobé
Nova Hartz,285,41,Ipifrog,Sapiranga,Parobé
Parobé,304,79,Ipifrog,Sapiranga,Nova Hartz

Terra de Ninguém,248,109,Good Field,Sapucaia do Sul,São Leopoldo,Novo Hamburgo,Campo Bom,Sapiranga,Gravataí
Gravataí,271,154,Good Field,Alvorada,Renascer,Não sei,Glorinha,Terra de Ninguém,Sapucaia do Sul,Cachoeirinha
Glorinha,329,153,Good Field,Gravataí,Não sei
Alvorada,230,201,Good Field,Renascer,Gravataí,Cachoeirinha,Guarujá

Renascer,245,231,Seehand,Gravataí,Não sei,Do meio,Vila João,Restinga,Guarujá,Alvorada
Não sei,333,217,Seehand,Glorinha,Gravataí,Renascer,Do meio,Do fim
Do meio,304,256,Seehand,Não sei,Do fim,Bela Vista,Vila João,Renascer
Do fim,334,291,Seehand,Não sei,Do meio,Bela Vista
Bela Vista,257,321,Seehand,Restinga,Do fim,Do meio,Vila João
Vila João,248,268,Seehand,Restinga,Renascer,Do meio,Bela Vista